// Jest Snapshot v1, https://goo.gl/fbAQLP

exports[`PaymentPage PaymentPage snapshot 1`] = `
<section
  className="payment-page"
>
  <div
    className="routes"
  >
    <p
      className="routes-titl"
    >
      1. MY BAG
    </p>
    <hr
      className="routes-line"
    />
    <p
      className="routes-titl"
    >
      2. DELIVERY
    </p>
    <hr
      className="routes-line"
    />
    <p
      className="routes-titl"
    >
      3. REVIEW & PAYMENT
    </p>
  </div>
  <div
    className="payment"
  >
    <div
      className="payment-adaptive"
    >
      <div
        className="payment-info"
      >
        <h4
          className="payment-title"
        >
          Delivery Details
        </h4>
        <div>
          <div
            className="payment-address"
          >
            <h4
              className="payment-address__title"
            >
              Shipping address
            </h4>
            <p
              className="payment-address__text"
            >
              New York, Main Street
            </p>
          </div>
          <div
            className="payment-address"
          >
            <h4
              className="payment-address__title"
            >
              Recipient data
            </h4>
            <p
              className="payment-address__text"
            >
              John Doe
            </p>
          </div>
          <div
            className="payment-address"
          >
            <h4
              className="payment-address__title"
            >
              Contact information
            </h4>
            <p
              className="payment-address__text"
            >
               
              john.doe@example.com
            </p>
            <p
              className="payment-address__text"
            >
               
              1234567890
            </p>
          </div>
          <button
            className="button + payment-info__btn"
            onClick={[Function]}
            type="button"
          >
            EDIT DETAILS
          </button>
        </div>
      </div>
      <div
        className="payment-type"
      >
        <h4
          className="payment-title"
        >
          Payment type
        </h4>
        <div
          className="form__pay"
        >
          <form
            onSubmit={[Function]}
          >
            <fieldset
              className="form-block"
            >
              <div
                className="pay-form-title-container"
              >
                <p
                  className="pay-form-title"
                >
                  Credit or Debit card
                </p>
                <div
                  className="payment-form-title__icon"
                >
                  <svg>
                    visaFormIcon.svg
                  </svg>
                   
                  <svg>
                    mastercardFormIcon.svg
                  </svg>
                </div>
              </div>
              <label
                className="form-item pay-input pay-input1"
                htmlFor="cardNumber"
              >
                <p
                  className="form-label"
                >
                  Card number
                </p>
                <div
                  className="input-wrapper"
                >
                  <input
                    className="form-control input pay-input pay-input1"
                    data-testid="cardNumber"
                    name="cardNumber"
                    onBlur={[Function]}
                    onChange={[Function]}
                    onKeyUp={[Function]}
                    placeholder="xxxx  xxxx  xxxx  xxxx"
                    type="text"
                    value=""
                  />
                </div>
              </label>
              <div
                className="flex"
              >
                <label
                  className="form-item pay-input pay-input2"
                  htmlFor="expirationDate"
                >
                  <p
                    className="form-label"
                  >
                    Expired date
                  </p>
                  <div
                    className="input-wrapper"
                  >
                    <input
                      className="form-control input pay-input pay-input2"
                      data-testid="expirationDate"
                      name="expirationDate"
                      onBlur={[Function]}
                      onChange={[Function]}
                      onKeyUp={[Function]}
                      placeholder="xx/xx"
                      type="text"
                      value=""
                    />
                  </div>
                </label>
                <label
                  className="form-item pay-input pay-input2"
                  htmlFor="cvc"
                >
                  <p
                    className="form-label"
                  >
                    CVC
                  </p>
                  <div
                    className="input-wrapper"
                  >
                    <input
                      className="form-control input pay-input pay-input2"
                      data-testid="cvc"
                      name="cvc"
                      onBlur={[Function]}
                      onChange={[Function]}
                      type="text"
                      value=""
                    />
                  </div>
                </label>
              </div>
            </fieldset>
          </form>
        </div>
      </div>
    </div>
    <div
      className="payment-summery"
    >
      <div
        className="payment-summery__order-container"
      >
        <h4
          className="payment-title"
        >
          Order summery
        </h4>
        <div
          className="payment-summery__order"
        >
          <p
            className="payment-summery__order-position"
          >
            Subtotal
          </p>
          <span
            className="payment-summery__order-price"
          >
            $
            100
          </span>
        </div>
        <div
          className="payment-summery__order"
        >
          <p
            className="payment-summery__order-position"
          >
            Delivery
          </p>
          <span
            className="payment-summery__order-price"
          >
            $15
          </span>
        </div>
        <hr
          className="payment-summery-line"
        />
        <div
          className="payment-summery__order"
        >
          <p
            className="payment-summery__order-total"
          >
            Total
          </p>
          <span
            className="payment-summery__order-price-total"
          >
            $
            100
          </span>
        </div>
        <p
          className="payment-summery__order-info"
        >
          Estimated shipping time: 2 days
        </p>
      </div>
      <a
        href="/payment_confirm"
        onClick={[Function]}
      >
        <button
          className="button + payment-summery__order-btn"
          onClick={[Function]}
          type="button"
        >
          Pay
        </button>
      </a>
    </div>
  </div>
</section>
`;
